<?xml version="1.0" encoding="UTF-8"?>
<testsuites name="jest tests" tests="1" failures="0" errors="0" time="3.266">
  <testsuite name="@quarto/jupyterlab-quarto" errors="0" failures="0" skipped="0" timestamp="2024-02-19T14:07:26" time="2.873" tests="1">
    <testcase classname="@quarto/jupyterlab-quarto should be tested" name="@quarto/jupyterlab-quarto should be tested" time="0.001">
    </testcase>
  </testsuite>
</testsuites>